ERROR - 2025-06-11 20:03:46,393 - root - Error json_old_users: the server expects 2 arguments for this query, 0 were passed
HINT:  Check the query against the passed list of arguments.
ERROR - 2025-06-11 22:49:10,086 - root - Error json_old_users: the server expects 2 arguments for this query, 0 were passed
HINT:  Check the query against the passed list of arguments.
ERROR - 2025-06-11 22:51:41,514 - root - Error json_old_users: the server expects 2 arguments for this query, 0 were passed
HINT:  Check the query against the passed list of arguments.
ERROR - 2025-06-11 22:52:40,100 - root - Error json_old_users: the server expects 2 arguments for this query, 0 were passed
HINT:  Check the query against the passed list of arguments.
ERROR - 2025-06-11 22:52:59,743 - root - Error json_old_users: the server expects 2 arguments for this query, 0 were passed
HINT:  Check the query against the passed list of arguments.
ERROR - 2025-06-11 22:53:11,789 - root - Error json_old_users: the server expects 2 arguments for this query, 0 were passed
HINT:  Check the query against the passed list of arguments.
ERROR - 2025-06-11 22:54:50,275 - root - Error json_old_users: the server expects 1 argument for this query, 0 were passed
HINT:  Check the query against the passed list of arguments.
ERROR - 2025-06-11 22:56:04,346 - root - Error json_old_users: dictionary update sequence element #0 has length 30; 2 is required
ERROR - 2025-06-11 22:56:28,420 - root - Error json_old_users: could not determine data type of parameter $1
ERROR - 2025-06-11 22:56:55,614 - root - Error json_old_users: could not determine data type of parameter $1
ERROR - 2025-06-11 22:57:10,904 - root - Error json_old_users: could not determine data type of parameter $1
ERROR - 2025-06-11 22:59:33,577 - root - Error json_old_users: the server expects 1 argument for this query, 0 were passed
HINT:  Check the query against the passed list of arguments.
ERROR - 2025-06-11 22:59:49,374 - root - Error json_old_users: the server expects 1 argument for this query, 0 were passed
HINT:  Check the query against the passed list of arguments.
ERROR - 2025-06-11 22:59:58,525 - root - Error json_old_users: the server expects 1 argument for this query, 0 were passed
HINT:  Check the query against the passed list of arguments.
ERROR - 2025-06-11 23:00:08,488 - root - Error json_old_users: the server expects 1 argument for this query, 0 were passed
HINT:  Check the query against the passed list of arguments.
ERROR - 2025-06-11 23:00:19,269 - root - Error json_old_users: the server expects 1 argument for this query, 0 were passed
HINT:  Check the query against the passed list of arguments.
ERROR - 2025-06-11 23:01:32,216 - root - Error json_old_users: the server expects 1 argument for this query, 0 were passed
HINT:  Check the query against the passed list of arguments.
ERROR - 2025-06-11 23:01:52,049 - root - Error json_old_users: the server expects 1 argument for this query, 0 were passed
HINT:  Check the query against the passed list of arguments.
ERROR - 2025-06-11 23:04:20,723 - root - Error json_old_users: syntax error at or near ";"
ERROR - 2025-06-11 23:15:46,628 - root - Error save file to JSON: 'dict' object has no attribute 'append'
ERROR - 2025-06-11 23:31:34,845 - root - Error save file to JSON: unhashable type: 'dict'
ERROR - 2025-06-11 23:32:10,982 - root - Error save file to JSON: 'list' object is not a mapping
ERROR - 2025-06-11 23:32:22,708 - root - Error save file to JSON: 'list' object is not a mapping
ERROR - 2025-06-11 23:32:54,206 - root - Error save file to JSON: 'list' object is not a mapping
ERROR - 2025-06-11 23:33:00,799 - root - Error save file to JSON: unhashable type: 'dict'
ERROR - 2025-06-11 23:33:15,550 - root - Error save file to JSON: unhashable type: 'list'
ERROR - 2025-06-11 23:33:26,584 - root - Error save file to JSON: unhashable type: 'list'
ERROR - 2025-06-11 23:41:06,255 - root - Error save file to JSON: unhashable type: 'dict'
ERROR - 2025-06-11 23:41:13,436 - root - Error save file to JSON: unhashable type: 'dict'
